// Jest Snapshot v1, https://goo.gl/fbAQLP

exports[`components Login should render self and subcomponents 1`] = `
ShallowWrapper {
  "length": 1,
  Symbol(enzyme.__root__): [Circular],
  Symbol(enzyme.__unrendered__): <LoginBase
    AutoLogin={
      [MockFunction] {
        "calls": Array [
          Array [],
        ],
      }
    }
    FacebookLogin={[MockFunction]}
    GetByKey={[MockFunction]}
    GoogleLogin={[MockFunction]}
    login={
      Object {
        "isLoggedIn": false,
        "user": Object {
          "accessToken": "1",
          "name": "test",
          "picture": "",
          "type": "Google",
        },
      }
    }
    storage={
      Object {
        "key": "",
        "value": null,
      }
    }
    utility={
      Object {
        "busyReason": null,
        "hasError": false,
        "isBusy": false,
      }
    }
  />,
  Symbol(enzyme.__renderer__): Object {
    "batchedUpdates": [Function],
    "getNode": [Function],
    "render": [Function],
    "simulateEvent": [Function],
    "unmount": [Function],
  },
  Symbol(enzyme.__node__): Object {
    "instance": null,
    "key": undefined,
    "nodeType": "class",
    "props": Object {
      "children": Array [
        <View
          style={
            Object {
              "alignItems": "flex-start",
              "flexDirection": "row",
              "justifyContent": "center",
            }
          }
        >
          <Image
            source={1}
            style={
              Object {
                "height": 120,
                "width": 120,
              }
            }
          />
        </View>,
        <SocialIcon
          button={true}
          iconColor="white"
          iconSize={24}
          id="buttonFacebook"
          onPress={[MockFunction]}
          raised={true}
          title="Sign In With Facebook"
          type="facebook"
        />,
        <SocialIcon
          button={true}
          iconColor="white"
          iconSize={24}
          id="buttonGoogle"
          onPress={[MockFunction]}
          raised={true}
          title="Sign In With Google"
          type="google-plus-official"
        />,
      ],
      "style": Object {
        "flex": 1,
        "marginTop": 10,
        "padding": 20,
      },
    },
    "ref": null,
    "rendered": Array [
      Object {
        "instance": null,
        "key": undefined,
        "nodeType": "class",
        "props": Object {
          "children": <Image
            source={1}
            style={
              Object {
                "height": 120,
                "width": 120,
              }
            }
          />,
          "style": Object {
            "alignItems": "flex-start",
            "flexDirection": "row",
            "justifyContent": "center",
          },
        },
        "ref": null,
        "rendered": Object {
          "instance": null,
          "key": undefined,
          "nodeType": "class",
          "props": Object {
            "source": 1,
            "style": Object {
              "height": 120,
              "width": 120,
            },
          },
          "ref": null,
          "rendered": null,
          "type": [Function],
        },
        "type": [Function],
      },
      Object {
        "instance": null,
        "key": undefined,
        "nodeType": "function",
        "props": Object {
          "button": true,
          "iconColor": "white",
          "iconSize": 24,
          "id": "buttonFacebook",
          "onPress": [MockFunction],
          "raised": true,
          "title": "Sign In With Facebook",
          "type": "facebook",
        },
        "ref": null,
        "rendered": null,
        "type": [Function],
      },
      Object {
        "instance": null,
        "key": undefined,
        "nodeType": "function",
        "props": Object {
          "button": true,
          "iconColor": "white",
          "iconSize": 24,
          "id": "buttonGoogle",
          "onPress": [MockFunction],
          "raised": true,
          "title": "Sign In With Google",
          "type": "google-plus-official",
        },
        "ref": null,
        "rendered": null,
        "type": [Function],
      },
    ],
    "type": [Function],
  },
  Symbol(enzyme.__nodes__): Array [
    Object {
      "instance": null,
      "key": undefined,
      "nodeType": "class",
      "props": Object {
        "children": Array [
          <View
            style={
              Object {
                "alignItems": "flex-start",
                "flexDirection": "row",
                "justifyContent": "center",
              }
            }
          >
            <Image
              source={1}
              style={
                Object {
                  "height": 120,
                  "width": 120,
                }
              }
            />
          </View>,
          <SocialIcon
            button={true}
            iconColor="white"
            iconSize={24}
            id="buttonFacebook"
            onPress={[MockFunction]}
            raised={true}
            title="Sign In With Facebook"
            type="facebook"
          />,
          <SocialIcon
            button={true}
            iconColor="white"
            iconSize={24}
            id="buttonGoogle"
            onPress={[MockFunction]}
            raised={true}
            title="Sign In With Google"
            type="google-plus-official"
          />,
        ],
        "style": Object {
          "flex": 1,
          "marginTop": 10,
          "padding": 20,
        },
      },
      "ref": null,
      "rendered": Array [
        Object {
          "instance": null,
          "key": undefined,
          "nodeType": "class",
          "props": Object {
            "children": <Image
              source={1}
              style={
                Object {
                  "height": 120,
                  "width": 120,
                }
              }
            />,
            "style": Object {
              "alignItems": "flex-start",
              "flexDirection": "row",
              "justifyContent": "center",
            },
          },
          "ref": null,
          "rendered": Object {
            "instance": null,
            "key": undefined,
            "nodeType": "class",
            "props": Object {
              "source": 1,
              "style": Object {
                "height": 120,
                "width": 120,
              },
            },
            "ref": null,
            "rendered": null,
            "type": [Function],
          },
          "type": [Function],
        },
        Object {
          "instance": null,
          "key": undefined,
          "nodeType": "function",
          "props": Object {
            "button": true,
            "iconColor": "white",
            "iconSize": 24,
            "id": "buttonFacebook",
            "onPress": [MockFunction],
            "raised": true,
            "title": "Sign In With Facebook",
            "type": "facebook",
          },
          "ref": null,
          "rendered": null,
          "type": [Function],
        },
        Object {
          "instance": null,
          "key": undefined,
          "nodeType": "function",
          "props": Object {
            "button": true,
            "iconColor": "white",
            "iconSize": 24,
            "id": "buttonGoogle",
            "onPress": [MockFunction],
            "raised": true,
            "title": "Sign In With Google",
            "type": "google-plus-official",
          },
          "ref": null,
          "rendered": null,
          "type": [Function],
        },
      ],
      "type": [Function],
    },
  ],
  Symbol(enzyme.__options__): Object {
    "adapter": ReactSixteenAdapter {
      "options": Object {
        "enableComponentDidUpdateOnSetState": true,
      },
    },
  },
}
`;
