// Jest Snapshot v1, https://goo.gl/fbAQLP

exports[`Facebook actions FacebookLogin returns SUCCESS when done 1`] = `
Array [
  Object {
    "reason": "Kollar vem du är",
    "sender": "FacebookLogin",
    "type": "APP = BUSY LOADING",
  },
  Object {
    "exception": [Error: Request failed with status code 404],
    "reason": "LOGIN_FAILED",
    "sender": "FacebookLogin",
    "type": "APP = HAS ERROR",
  },
  Object {
    "reason": null,
    "sender": "FacebookLogin",
    "type": "APP = DONE LOADING",
  },
]
`;
