// Jest Snapshot v1, https://goo.gl/fbAQLP

exports[`components AppNavigator should render self and subcomponents 1`] = `
ShallowWrapper {
  "length": 1,
  Symbol(enzyme.__root__): [Circular],
  Symbol(enzyme.__unrendered__): <AppNavigator
    dispatch={Object {}}
  />,
  Symbol(enzyme.__renderer__): Object {
    "batchedUpdates": [Function],
    "getNode": [Function],
    "render": [Function],
    "simulateEvent": [Function],
    "unmount": [Function],
  },
  Symbol(enzyme.__node__): Object {
    "instance": null,
    "key": undefined,
    "nodeType": "host",
    "props": Object {
      "children": <View
        hideNavBar={true}
        panHandlers={null}
        style={
          Object {
            "flex": 1,
          }
        }
      >
        <View
          style={
            Object {
              "flex": 1,
            }
          }
        >
          <UNDEFINED
            activeBackgroundColor="#057dc2"
            activeTintColor="#fede00"
            inactiveBackgroundColor="#00539b"
            inactiveTintColor="grey"
            lazy={true}
            tabBarPosition="bottom"
            tabBarStyle={
              Object {
                "backgroundColor": "#057dc2",
              }
            }
          >
            <View
              back={false}
              component={[Function]}
              hideNavBar={true}
              icon={[Function]}
              tabBarLabel="Start"
              tintColor="#fede00"
              titleStyle={
                Object {
                  "alignSelf": "center",
                  "color": "green",
                }
              }
            />
            <View
              back={false}
              component={[Function]}
              hideNavBar={true}
              icon={[Function]}
              tabBarLabel="Login 2"
              tintColor="#fede00"
            />
          </UNDEFINED>
          <View
            back={false}
            component={[Function]}
            hideNavBar={true}
          />
        </View>
      </View>,
      "createReducer": [Function],
    },
    "ref": null,
    "rendered": Object {
      "instance": null,
      "key": "root",
      "nodeType": "host",
      "props": Object {
        "children": <View
          style={
            Object {
              "flex": 1,
            }
          }
        >
          <UNDEFINED
            activeBackgroundColor="#057dc2"
            activeTintColor="#fede00"
            inactiveBackgroundColor="#00539b"
            inactiveTintColor="grey"
            lazy={true}
            tabBarPosition="bottom"
            tabBarStyle={
              Object {
                "backgroundColor": "#057dc2",
              }
            }
          >
            <View
              back={false}
              component={[Function]}
              hideNavBar={true}
              icon={[Function]}
              tabBarLabel="Start"
              tintColor="#fede00"
              titleStyle={
                Object {
                  "alignSelf": "center",
                  "color": "green",
                }
              }
            />
            <View
              back={false}
              component={[Function]}
              hideNavBar={true}
              icon={[Function]}
              tabBarLabel="Login 2"
              tintColor="#fede00"
            />
          </UNDEFINED>
          <View
            back={false}
            component={[Function]}
            hideNavBar={true}
          />
        </View>,
        "hideNavBar": true,
        "panHandlers": null,
        "style": Object {
          "flex": 1,
        },
      },
      "ref": null,
      "rendered": Object {
        "instance": null,
        "key": "modal",
        "nodeType": "host",
        "props": Object {
          "children": Array [
            <UNDEFINED
              activeBackgroundColor="#057dc2"
              activeTintColor="#fede00"
              inactiveBackgroundColor="#00539b"
              inactiveTintColor="grey"
              lazy={true}
              tabBarPosition="bottom"
              tabBarStyle={
                Object {
                  "backgroundColor": "#057dc2",
                }
              }
            >
              <View
                back={false}
                component={[Function]}
                hideNavBar={true}
                icon={[Function]}
                tabBarLabel="Start"
                tintColor="#fede00"
                titleStyle={
                  Object {
                    "alignSelf": "center",
                    "color": "green",
                  }
                }
              />
              <View
                back={false}
                component={[Function]}
                hideNavBar={true}
                icon={[Function]}
                tabBarLabel="Login 2"
                tintColor="#fede00"
              />
            </UNDEFINED>,
            <View
              back={false}
              component={[Function]}
              hideNavBar={true}
            />,
          ],
          "style": Object {
            "flex": 1,
          },
        },
        "ref": null,
        "rendered": Array [
          Object {
            "instance": null,
            "key": "tabMain",
            "nodeType": "function",
            "props": Object {
              "activeBackgroundColor": "#057dc2",
              "activeTintColor": "#fede00",
              "children": Array [
                <View
                  back={false}
                  component={[Function]}
                  hideNavBar={true}
                  icon={[Function]}
                  tabBarLabel="Start"
                  tintColor="#fede00"
                  titleStyle={
                    Object {
                      "alignSelf": "center",
                      "color": "green",
                    }
                  }
                />,
                <View
                  back={false}
                  component={[Function]}
                  hideNavBar={true}
                  icon={[Function]}
                  tabBarLabel="Login 2"
                  tintColor="#fede00"
                />,
              ],
              "inactiveBackgroundColor": "#00539b",
              "inactiveTintColor": "grey",
              "lazy": true,
              "tabBarPosition": "bottom",
              "tabBarStyle": Object {
                "backgroundColor": "#057dc2",
              },
            },
            "ref": null,
            "rendered": Array [
              Object {
                "instance": null,
                "key": "main",
                "nodeType": "host",
                "props": Object {
                  "back": false,
                  "component": [Function],
                  "hideNavBar": true,
                  "icon": [Function],
                  "tabBarLabel": "Start",
                  "tintColor": "#fede00",
                  "titleStyle": Object {
                    "alignSelf": "center",
                    "color": "green",
                  },
                },
                "ref": null,
                "rendered": null,
                "type": "View",
              },
              Object {
                "instance": null,
                "key": "main2",
                "nodeType": "host",
                "props": Object {
                  "back": false,
                  "component": [Function],
                  "hideNavBar": true,
                  "icon": [Function],
                  "tabBarLabel": "Login 2",
                  "tintColor": "#fede00",
                },
                "ref": null,
                "rendered": null,
                "type": "View",
              },
            ],
            "type": undefined,
          },
          Object {
            "instance": null,
            "key": "login",
            "nodeType": "host",
            "props": Object {
              "back": false,
              "component": [Function],
              "hideNavBar": true,
            },
            "ref": null,
            "rendered": null,
            "type": "View",
          },
        ],
        "type": "View",
      },
      "type": "View",
    },
    "type": "View",
  },
  Symbol(enzyme.__nodes__): Array [
    Object {
      "instance": null,
      "key": undefined,
      "nodeType": "host",
      "props": Object {
        "children": <View
          hideNavBar={true}
          panHandlers={null}
          style={
            Object {
              "flex": 1,
            }
          }
        >
          <View
            style={
              Object {
                "flex": 1,
              }
            }
          >
            <UNDEFINED
              activeBackgroundColor="#057dc2"
              activeTintColor="#fede00"
              inactiveBackgroundColor="#00539b"
              inactiveTintColor="grey"
              lazy={true}
              tabBarPosition="bottom"
              tabBarStyle={
                Object {
                  "backgroundColor": "#057dc2",
                }
              }
            >
              <View
                back={false}
                component={[Function]}
                hideNavBar={true}
                icon={[Function]}
                tabBarLabel="Start"
                tintColor="#fede00"
                titleStyle={
                  Object {
                    "alignSelf": "center",
                    "color": "green",
                  }
                }
              />
              <View
                back={false}
                component={[Function]}
                hideNavBar={true}
                icon={[Function]}
                tabBarLabel="Login 2"
                tintColor="#fede00"
              />
            </UNDEFINED>
            <View
              back={false}
              component={[Function]}
              hideNavBar={true}
            />
          </View>
        </View>,
        "createReducer": [Function],
      },
      "ref": null,
      "rendered": Object {
        "instance": null,
        "key": "root",
        "nodeType": "host",
        "props": Object {
          "children": <View
            style={
              Object {
                "flex": 1,
              }
            }
          >
            <UNDEFINED
              activeBackgroundColor="#057dc2"
              activeTintColor="#fede00"
              inactiveBackgroundColor="#00539b"
              inactiveTintColor="grey"
              lazy={true}
              tabBarPosition="bottom"
              tabBarStyle={
                Object {
                  "backgroundColor": "#057dc2",
                }
              }
            >
              <View
                back={false}
                component={[Function]}
                hideNavBar={true}
                icon={[Function]}
                tabBarLabel="Start"
                tintColor="#fede00"
                titleStyle={
                  Object {
                    "alignSelf": "center",
                    "color": "green",
                  }
                }
              />
              <View
                back={false}
                component={[Function]}
                hideNavBar={true}
                icon={[Function]}
                tabBarLabel="Login 2"
                tintColor="#fede00"
              />
            </UNDEFINED>
            <View
              back={false}
              component={[Function]}
              hideNavBar={true}
            />
          </View>,
          "hideNavBar": true,
          "panHandlers": null,
          "style": Object {
            "flex": 1,
          },
        },
        "ref": null,
        "rendered": Object {
          "instance": null,
          "key": "modal",
          "nodeType": "host",
          "props": Object {
            "children": Array [
              <UNDEFINED
                activeBackgroundColor="#057dc2"
                activeTintColor="#fede00"
                inactiveBackgroundColor="#00539b"
                inactiveTintColor="grey"
                lazy={true}
                tabBarPosition="bottom"
                tabBarStyle={
                  Object {
                    "backgroundColor": "#057dc2",
                  }
                }
              >
                <View
                  back={false}
                  component={[Function]}
                  hideNavBar={true}
                  icon={[Function]}
                  tabBarLabel="Start"
                  tintColor="#fede00"
                  titleStyle={
                    Object {
                      "alignSelf": "center",
                      "color": "green",
                    }
                  }
                />
                <View
                  back={false}
                  component={[Function]}
                  hideNavBar={true}
                  icon={[Function]}
                  tabBarLabel="Login 2"
                  tintColor="#fede00"
                />
              </UNDEFINED>,
              <View
                back={false}
                component={[Function]}
                hideNavBar={true}
              />,
            ],
            "style": Object {
              "flex": 1,
            },
          },
          "ref": null,
          "rendered": Array [
            Object {
              "instance": null,
              "key": "tabMain",
              "nodeType": "function",
              "props": Object {
                "activeBackgroundColor": "#057dc2",
                "activeTintColor": "#fede00",
                "children": Array [
                  <View
                    back={false}
                    component={[Function]}
                    hideNavBar={true}
                    icon={[Function]}
                    tabBarLabel="Start"
                    tintColor="#fede00"
                    titleStyle={
                      Object {
                        "alignSelf": "center",
                        "color": "green",
                      }
                    }
                  />,
                  <View
                    back={false}
                    component={[Function]}
                    hideNavBar={true}
                    icon={[Function]}
                    tabBarLabel="Login 2"
                    tintColor="#fede00"
                  />,
                ],
                "inactiveBackgroundColor": "#00539b",
                "inactiveTintColor": "grey",
                "lazy": true,
                "tabBarPosition": "bottom",
                "tabBarStyle": Object {
                  "backgroundColor": "#057dc2",
                },
              },
              "ref": null,
              "rendered": Array [
                Object {
                  "instance": null,
                  "key": "main",
                  "nodeType": "host",
                  "props": Object {
                    "back": false,
                    "component": [Function],
                    "hideNavBar": true,
                    "icon": [Function],
                    "tabBarLabel": "Start",
                    "tintColor": "#fede00",
                    "titleStyle": Object {
                      "alignSelf": "center",
                      "color": "green",
                    },
                  },
                  "ref": null,
                  "rendered": null,
                  "type": "View",
                },
                Object {
                  "instance": null,
                  "key": "main2",
                  "nodeType": "host",
                  "props": Object {
                    "back": false,
                    "component": [Function],
                    "hideNavBar": true,
                    "icon": [Function],
                    "tabBarLabel": "Login 2",
                    "tintColor": "#fede00",
                  },
                  "ref": null,
                  "rendered": null,
                  "type": "View",
                },
              ],
              "type": undefined,
            },
            Object {
              "instance": null,
              "key": "login",
              "nodeType": "host",
              "props": Object {
                "back": false,
                "component": [Function],
                "hideNavBar": true,
              },
              "ref": null,
              "rendered": null,
              "type": "View",
            },
          ],
          "type": "View",
        },
        "type": "View",
      },
      "type": "View",
    },
  ],
  Symbol(enzyme.__options__): Object {
    "adapter": ReactSixteenAdapter {
      "options": Object {
        "enableComponentDidUpdateOnSetState": true,
      },
    },
  },
}
`;
