// Jest Snapshot v1, https://goo.gl/fbAQLP

exports[`LoginReducer should return initial state 1`] = `
Object {
  "isLoggedIn": false,
  "type": null,
  "user": User {
    "accessToken": null,
    "autologin": false,
    "email": null,
    "name": null,
    "password": null,
    "picture": "",
    "type": null,
    "username": null,
  },
}
`;
